[34m2021-04-12 13:34:59.012 KST [localconfig] completeInitialization -> INFO 001[0m Kafka.Version unset, setting to 0.10.2.0
[34m2021-04-12 13:34:59.012 KST [orderer.common.server] prettyPrintStruct -> INFO 002[0m Orderer config values:
	General.ListenAddress = "orderer0.wizchain.net"
	General.ListenPort = 7050
	General.TLS.Enabled = true
	General.TLS.PrivateKey = "/home/original/testnet/crypto-config/ordererOrganizations/wizchain.net/orderers/orderer0.wizchain.net/tls/server.key"
	General.TLS.Certificate = "/home/original/testnet/crypto-config/ordererOrganizations/wizchain.net/orderers/orderer0.wizchain.net/tls/server.crt"
	General.TLS.RootCAs = [/home/original/testnet/crypto-config/ordererOrganizations/wizchain.net/orderers/orderer0.wizchain.net/tls/ca.crt]
	General.TLS.ClientAuthRequired = false
	General.TLS.ClientRootCAs = [/home/original/testnet/crypto-config/ordererOrganizations/wizchain.net/orderers/orderer0.wizchain.net/tls/ca.crt]
	General.TLS.TLSHandshakeTimeShift = 0s
	General.Cluster.ListenAddress = ""
	General.Cluster.ListenPort = 0
	General.Cluster.ServerCertificate = ""
	General.Cluster.ServerPrivateKey = ""
	General.Cluster.ClientCertificate = "/home/original/testnet/crypto-config/ordererOrganizations/wizchain.net/orderers/orderer0.wizchain.net/tls/server.crt"
	General.Cluster.ClientPrivateKey = "/home/original/testnet/crypto-config/ordererOrganizations/wizchain.net/orderers/orderer0.wizchain.net/tls/server.key"
	General.Cluster.RootCAs = []
	General.Cluster.DialTimeout = 5s
	General.Cluster.RPCTimeout = 7s
	General.Cluster.ReplicationBufferSize = 20971520
	General.Cluster.ReplicationPullTimeout = 5s
	General.Cluster.ReplicationRetryTimeout = 5s
	General.Cluster.ReplicationBackgroundRefreshInterval = 5m0s
	General.Cluster.ReplicationMaxRetries = 12
	General.Cluster.SendBufferSize = 10
	General.Cluster.CertExpirationWarningThreshold = 168h0m0s
	General.Cluster.TLSHandshakeTimeShift = 0s
	General.Keepalive.ServerMinInterval = 1m0s
	General.Keepalive.ServerInterval = 2h0m0s
	General.Keepalive.ServerTimeout = 20s
	General.ConnectionTimeout = 0s
	General.GenesisMethod = ""
	General.GenesisFile = ""
	General.BootstrapMethod = "file"
	General.BootstrapFile = "/home/original/testnet/system-genesis-block/genesis.block"
	General.Profile.Enabled = false
	General.Profile.Address = "0.0.0.0:6060"
	General.LocalMSPDir = "/home/original/testnet/crypto-config/ordererOrganizations/wizchain.net/orderers/orderer0.wizchain.net/msp"
	General.LocalMSPID = "Orderer0MSP"
	General.BCCSP.ProviderName = "SW"
	General.BCCSP.SwOpts.SecLevel = 256
	General.BCCSP.SwOpts.HashFamily = "SHA2"
	General.BCCSP.SwOpts.FileKeystore.KeyStorePath = ""
	General.BCCSP.SwOpts.DummyKeystore =
	General.BCCSP.SwOpts.InmemKeystore =
	General.Authentication.TimeWindow = 15m0s
	General.Authentication.NoExpirationChecks = false
	FileLedger.Location = "/tmp/hyperledger/production/orderer"
	FileLedger.Prefix = "hyperledger-fabric-ordererledger"
	Kafka.Retry.ShortInterval = 5s
	Kafka.Retry.ShortTotal = 10m0s
	Kafka.Retry.LongInterval = 5m0s
	Kafka.Retry.LongTotal = 12h0m0s
	Kafka.Retry.NetworkTimeouts.DialTimeout = 10s
	Kafka.Retry.NetworkTimeouts.ReadTimeout = 10s
	Kafka.Retry.NetworkTimeouts.WriteTimeout = 10s
	Kafka.Retry.Metadata.RetryMax = 3
	Kafka.Retry.Metadata.RetryBackoff = 250ms
	Kafka.Retry.Producer.RetryMax = 3
	Kafka.Retry.Producer.RetryBackoff = 100ms
	Kafka.Retry.Consumer.RetryBackoff = 2s
	Kafka.Verbose = false
	Kafka.Version = 0.10.2.0
	Kafka.TLS.Enabled = false
	Kafka.TLS.PrivateKey = ""
	Kafka.TLS.Certificate = ""
	Kafka.TLS.RootCAs = []
	Kafka.TLS.ClientAuthRequired = false
	Kafka.TLS.ClientRootCAs = []
	Kafka.TLS.TLSHandshakeTimeShift = 0s
	Kafka.SASLPlain.Enabled = false
	Kafka.SASLPlain.User = ""
	Kafka.SASLPlain.Password = ""
	Kafka.Topic.ReplicationFactor = 3
	Debug.BroadcastTraceDir = ""
	Debug.DeliverTraceDir = ""
	Consensus = map[SnapDir:/tmp/hyperledger/production/orderer/etcdraft/snapshot WALDir:/tmp/hyperledger/production/orderer/etcdraft/wal]
	Operations.ListenAddress = "127.0.0.1:8443"
	Operations.TLS.Enabled = false
	Operations.TLS.PrivateKey = ""
	Operations.TLS.Certificate = ""
	Operations.TLS.RootCAs = []
	Operations.TLS.ClientAuthRequired = false
	Operations.TLS.ClientRootCAs = []
	Operations.TLS.TLSHandshakeTimeShift = 0s
	Metrics.Provider = "disabled"
	Metrics.Statsd.Network = "udp"
	Metrics.Statsd.Address = "127.0.0.1:8125"
	Metrics.Statsd.WriteInterval = 30s
	Metrics.Statsd.Prefix = ""
	ChannelParticipation.Enabled = false
	ChannelParticipation.RemoveStorage = false
[34m2021-04-12 13:34:59.024 KST [orderer.common.server] initializeServerConfig -> INFO 003[0m Starting orderer with TLS enabled
[34m2021-04-12 13:34:59.029 KST [blkstorage] NewProvider -> INFO 004[0m Creating new file ledger directory at /tmp/hyperledger/production/orderer/chains
[34m2021-04-12 13:34:59.036 KST [orderer.common.server] Main -> INFO 005[0m Bootstrapping the system channel
[34m2021-04-12 13:34:59.036 KST [blkstorage] newBlockfileMgr -> INFO 006[0m Getting block information from block storage
[34m2021-04-12 13:34:59.043 KST [orderer.common.server] selectClusterBootBlock -> INFO 007[0m Cluster boot block is bootstrap (genesis) block; Blocks Header.Number system-channel=0, bootstrap=0
[34m2021-04-12 13:34:59.047 KST [orderer.common.server] Main -> INFO 008[0m Starting with system channel: system-channel, consensus type: etcdraft
[34m2021-04-12 13:34:59.047 KST [orderer.common.server] Main -> INFO 009[0m Setting up cluster
[34m2021-04-12 13:34:59.047 KST [orderer.common.server] reuseListener -> INFO 00a[0m Cluster listener is not configured, defaulting to use the general listener on port 7050
[34m2021-04-12 13:34:59.047 KST [orderer.common.server] reuseListener -> INFO 00b[0m Cluster listener is not configured, defaulting to use the general listener on port 7050
[34m2021-04-12 13:34:59.060 KST [orderer.common.cluster] loadVerifier -> INFO 00c[0m Loaded verifier for channel system-channel from config block at index 0
[34m2021-04-12 13:34:59.060 KST [certmonitor] trackCertExpiration -> INFO 00d[0m The enrollment certificate will expire on 2022-04-12 02:25:00 +0000 UTC
[34m2021-04-12 13:34:59.060 KST [certmonitor] trackCertExpiration -> INFO 00e[0m The server TLS certificate will expire on 2022-04-12 02:25:00 +0000 UTC
[34m2021-04-12 13:34:59.060 KST [certmonitor] trackCertExpiration -> INFO 00f[0m The client TLS certificate will expire on 2022-04-12 02:25:00 +0000 UTC
[34m2021-04-12 13:34:59.070 KST [orderer.consensus.etcdraft] HandleChain -> INFO 010[0m EvictionSuspicion not set, defaulting to 10m0s
[34m2021-04-12 13:34:59.070 KST [orderer.consensus.etcdraft] createOrReadWAL -> INFO 011[0m No WAL data found, creating new WAL at path '/tmp/hyperledger/production/orderer/etcdraft/wal/system-channel' channel=system-channel node=1
[34m2021-04-12 13:34:59.073 KST [orderer.commmon.multichannel] Initialize -> INFO 012[0m Starting system channel 'system-channel' with genesis block hash a6175996f0712cefaf9b1b0357bfa2ae2e0a6727fd61913a2764dbdbeb122239 and orderer type etcdraft
[34m2021-04-12 13:34:59.073 KST [orderer.consensus.etcdraft] Start -> INFO 013[0m Starting Raft node channel=system-channel node=1
[34m2021-04-12 13:34:59.073 KST [orderer.common.cluster] Configure -> INFO 014[0m Entering, channel: system-channel, nodes: []
[34m2021-04-12 13:34:59.073 KST [orderer.common.cluster] Configure -> INFO 015[0m Exiting
[34m2021-04-12 13:34:59.073 KST [orderer.consensus.etcdraft] start -> INFO 016[0m Starting raft node as part of a new channel channel=system-channel node=1
[34m2021-04-12 13:34:59.073 KST [orderer.consensus.etcdraft] becomeFollower -> INFO 017[0m 1 became follower at term 0 channel=system-channel node=1
[34m2021-04-12 13:34:59.073 KST [orderer.consensus.etcdraft] newRaft -> INFO 018[0m newRaft 1 [peers: [], term: 0, commit: 0, applied: 0, lastindex: 0, lastterm: 0] channel=system-channel node=1
[34m2021-04-12 13:34:59.073 KST [orderer.consensus.etcdraft] becomeFollower -> INFO 019[0m 1 became follower at term 1 channel=system-channel node=1
[34m2021-04-12 13:34:59.073 KST [orderer.common.server] Main -> INFO 01a[0m Starting orderer:
 Version: 2.2.3
 Commit SHA: 496c5f547
 Go version: go1.16
 OS/Arch: linux/amd64
[34m2021-04-12 13:34:59.074 KST [orderer.consensus.etcdraft] run -> INFO 01b[0m This node is picked to start campaign channel=system-channel node=1
[34m2021-04-12 13:34:59.074 KST [orderer.consensus.etcdraft] apply -> INFO 01c[0m Applied config change to add node 1, current nodes in channel: [1] channel=system-channel node=1
[34m2021-04-12 13:34:59.075 KST [orderer.common.server] Main -> INFO 01d[0m Beginning to serve requests
[34m2021-04-12 13:35:00.075 KST [orderer.consensus.etcdraft] Step -> INFO 01e[0m 1 is starting a new election at term 1 channel=system-channel node=1
[34m2021-04-12 13:35:00.075 KST [orderer.consensus.etcdraft] becomePreCandidate -> INFO 01f[0m 1 became pre-candidate at term 1 channel=system-channel node=1
[34m2021-04-12 13:35:00.075 KST [orderer.consensus.etcdraft] poll -> INFO 020[0m 1 received MsgPreVoteResp from 1 at term 1 channel=system-channel node=1
[34m2021-04-12 13:35:00.075 KST [orderer.consensus.etcdraft] becomeCandidate -> INFO 021[0m 1 became candidate at term 2 channel=system-channel node=1
[34m2021-04-12 13:35:00.075 KST [orderer.consensus.etcdraft] poll -> INFO 022[0m 1 received MsgVoteResp from 1 at term 2 channel=system-channel node=1
[34m2021-04-12 13:35:00.075 KST [orderer.consensus.etcdraft] becomeLeader -> INFO 023[0m 1 became leader at term 2 channel=system-channel node=1
[34m2021-04-12 13:35:00.075 KST [orderer.consensus.etcdraft] run -> INFO 024[0m raft.node: 1 elected leader 1 at term 2 channel=system-channel node=1
[34m2021-04-12 13:35:00.076 KST [orderer.consensus.etcdraft] run -> INFO 025[0m Leader 1 is present, quit campaign channel=system-channel node=1
[34m2021-04-12 13:35:00.076 KST [orderer.consensus.etcdraft] run -> INFO 026[0m Raft leader changed: 0 -> 1 channel=system-channel node=1
[34m2021-04-12 13:35:00.076 KST [orderer.consensus.etcdraft] run -> INFO 027[0m Start accepting requests as Raft leader at block [0] channel=system-channel node=1
[34m2021-04-12 13:35:58.687 KST [orderer.consensus.etcdraft] propose -> INFO 028[0m Created block [1], there are 0 blocks in flight channel=system-channel node=1
[34m2021-04-12 13:35:58.687 KST [orderer.consensus.etcdraft] run -> INFO 029[0m Received config transaction, pause accepting transaction till it is committed channel=system-channel node=1
[34m2021-04-12 13:35:58.692 KST [orderer.consensus.etcdraft] writeBlock -> INFO 02a[0m Writing block [1] (Raft index: 3) to ledger channel=system-channel node=1
[34m2021-04-12 13:35:58.696 KST [blkstorage] newBlockfileMgr -> INFO 02b[0m Getting block information from block storage
[34m2021-04-12 13:35:58.699 KST [orderer.consensus.etcdraft] HandleChain -> INFO 02c[0m EvictionSuspicion not set, defaulting to 10m0s
[34m2021-04-12 13:35:58.699 KST [orderer.consensus.etcdraft] createOrReadWAL -> INFO 02d[0m No WAL data found, creating new WAL at path '/tmp/hyperledger/production/orderer/etcdraft/wal/mychannel' channel=mychannel node=1
[34m2021-04-12 13:35:58.701 KST [orderer.commmon.multichannel] newChain -> INFO 02e[0m Created and starting new channel mychannel
[34m2021-04-12 13:35:58.701 KST [orderer.consensus.etcdraft] Start -> INFO 02f[0m Starting Raft node channel=mychannel node=1
[34m2021-04-12 13:35:58.701 KST [orderer.common.cluster] Configure -> INFO 030[0m Entering, channel: mychannel, nodes: []
[34m2021-04-12 13:35:58.701 KST [orderer.common.cluster] Configure -> INFO 031[0m Exiting
[34m2021-04-12 13:35:58.701 KST [orderer.consensus.etcdraft] start -> INFO 032[0m Starting raft node as part of a new channel channel=mychannel node=1
[34m2021-04-12 13:35:58.701 KST [orderer.consensus.etcdraft] becomeFollower -> INFO 033[0m 1 became follower at term 0 channel=mychannel node=1
[34m2021-04-12 13:35:58.701 KST [orderer.consensus.etcdraft] newRaft -> INFO 034[0m newRaft 1 [peers: [], term: 0, commit: 0, applied: 0, lastindex: 0, lastterm: 0] channel=mychannel node=1
[34m2021-04-12 13:35:58.701 KST [orderer.consensus.etcdraft] becomeFollower -> INFO 035[0m 1 became follower at term 1 channel=mychannel node=1
[34m2021-04-12 13:35:58.702 KST [orderer.consensus.etcdraft] run -> INFO 036[0m This node is picked to start campaign channel=mychannel node=1
[34m2021-04-12 13:35:58.703 KST [orderer.consensus.etcdraft] apply -> INFO 037[0m Applied config change to add node 1, current nodes in channel: [1] channel=mychannel node=1
[34m2021-04-12 13:35:58.703 KST [comm.grpc.server] 1 -> INFO 038[0m streaming call completed grpc.service=orderer.AtomicBroadcast grpc.method=Broadcast grpc.peer_address=10.0.2.31:50048 grpc.code=OK grpc.call_duration=32.849241ms
[33m2021-04-12 13:35:58.704 KST [common.deliver] deliverBlocks -> WARN 039[0m [channel: mychannel] Rejecting deliver request for 10.0.2.31:50046 because of consenter error
[34m2021-04-12 13:35:58.704 KST [comm.grpc.server] 1 -> INFO 03a[0m streaming call completed grpc.service=orderer.AtomicBroadcast grpc.method=Deliver grpc.peer_address=10.0.2.31:50046 grpc.code=OK grpc.call_duration=34.160892ms
[33m2021-04-12 13:35:58.906 KST [common.deliver] deliverBlocks -> WARN 03b[0m [channel: mychannel] Rejecting deliver request for 10.0.2.31:50050 because of consenter error
[34m2021-04-12 13:35:58.906 KST [comm.grpc.server] 1 -> INFO 03c[0m streaming call completed grpc.service=orderer.AtomicBroadcast grpc.method=Deliver grpc.peer_address=10.0.2.31:50050 grpc.code=OK grpc.call_duration=200.756916ms
[33m2021-04-12 13:35:59.108 KST [common.deliver] deliverBlocks -> WARN 03d[0m [channel: mychannel] Rejecting deliver request for 10.0.2.31:50052 because of consenter error
[34m2021-04-12 13:35:59.108 KST [comm.grpc.server] 1 -> INFO 03e[0m streaming call completed grpc.service=orderer.AtomicBroadcast grpc.method=Deliver grpc.peer_address=10.0.2.31:50052 grpc.code=OK grpc.call_duration=200.406779ms
[33m2021-04-12 13:35:59.310 KST [common.deliver] deliverBlocks -> WARN 03f[0m [channel: mychannel] Rejecting deliver request for 10.0.2.31:50054 because of consenter error
[34m2021-04-12 13:35:59.310 KST [comm.grpc.server] 1 -> INFO 040[0m streaming call completed grpc.service=orderer.AtomicBroadcast grpc.method=Deliver grpc.peer_address=10.0.2.31:50054 grpc.code=OK grpc.call_duration=200.506139ms
[33m2021-04-12 13:35:59.512 KST [common.deliver] deliverBlocks -> WARN 041[0m [channel: mychannel] Rejecting deliver request for 10.0.2.31:50056 because of consenter error
[34m2021-04-12 13:35:59.512 KST [comm.grpc.server] 1 -> INFO 042[0m streaming call completed grpc.service=orderer.AtomicBroadcast grpc.method=Deliver grpc.peer_address=10.0.2.31:50056 grpc.code=OK grpc.call_duration=200.390804ms
[34m2021-04-12 13:35:59.703 KST [orderer.consensus.etcdraft] Step -> INFO 043[0m 1 is starting a new election at term 1 channel=mychannel node=1
[34m2021-04-12 13:35:59.703 KST [orderer.consensus.etcdraft] becomePreCandidate -> INFO 044[0m 1 became pre-candidate at term 1 channel=mychannel node=1
[34m2021-04-12 13:35:59.703 KST [orderer.consensus.etcdraft] poll -> INFO 045[0m 1 received MsgPreVoteResp from 1 at term 1 channel=mychannel node=1
[34m2021-04-12 13:35:59.703 KST [orderer.consensus.etcdraft] becomeCandidate -> INFO 046[0m 1 became candidate at term 2 channel=mychannel node=1
[34m2021-04-12 13:35:59.703 KST [orderer.consensus.etcdraft] poll -> INFO 047[0m 1 received MsgVoteResp from 1 at term 2 channel=mychannel node=1
[34m2021-04-12 13:35:59.703 KST [orderer.consensus.etcdraft] becomeLeader -> INFO 048[0m 1 became leader at term 2 channel=mychannel node=1
[34m2021-04-12 13:35:59.703 KST [orderer.consensus.etcdraft] run -> INFO 049[0m raft.node: 1 elected leader 1 at term 2 channel=mychannel node=1
[34m2021-04-12 13:35:59.706 KST [orderer.consensus.etcdraft] run -> INFO 04a[0m Leader 1 is present, quit campaign channel=mychannel node=1
[34m2021-04-12 13:35:59.706 KST [orderer.consensus.etcdraft] run -> INFO 04b[0m Raft leader changed: 0 -> 1 channel=mychannel node=1
[34m2021-04-12 13:35:59.706 KST [orderer.consensus.etcdraft] run -> INFO 04c[0m Start accepting requests as Raft leader at block [0] channel=mychannel node=1
[33m2021-04-12 13:35:59.717 KST [common.deliver] Handle -> WARN 04d[0m Error reading from 10.0.2.31:50058: rpc error: code = Canceled desc = context canceled
[34m2021-04-12 13:35:59.717 KST [comm.grpc.server] 1 -> INFO 04e[0m streaming call completed grpc.service=orderer.AtomicBroadcast grpc.method=Deliver grpc.peer_address=10.0.2.31:50058 error="rpc error: code = Canceled desc = context canceled" grpc.code=Canceled grpc.call_duration=202.995617ms
[33m2021-04-12 13:36:09.234 KST [common.deliver] Handle -> WARN 04f[0m Error reading from 10.0.2.31:50066: rpc error: code = Canceled desc = context canceled
[34m2021-04-12 13:36:09.234 KST [comm.grpc.server] 1 -> INFO 050[0m streaming call completed grpc.service=orderer.AtomicBroadcast grpc.method=Deliver grpc.peer_address=10.0.2.31:50066 error="rpc error: code = Canceled desc = context canceled" grpc.code=Canceled grpc.call_duration=4.010333ms
[34m2021-04-12 13:36:09.450 KST [orderer.consensus.etcdraft] propose -> INFO 051[0m Created block [1], there are 0 blocks in flight channel=mychannel node=1
[34m2021-04-12 13:36:09.450 KST [orderer.consensus.etcdraft] run -> INFO 052[0m Received config transaction, pause accepting transaction till it is committed channel=mychannel node=1
[33m2021-04-12 13:36:09.452 KST [orderer.common.broadcast] Handle -> WARN 053[0m Error reading from 10.0.2.31:50068: rpc error: code = Canceled desc = context canceled
[34m2021-04-12 13:36:09.452 KST [comm.grpc.server] 1 -> INFO 054[0m streaming call completed grpc.service=orderer.AtomicBroadcast grpc.method=Broadcast grpc.peer_address=10.0.2.31:50068 error="rpc error: code = Canceled desc = context canceled" grpc.code=Canceled grpc.call_duration=11.998086ms
[34m2021-04-12 13:36:09.453 KST [orderer.consensus.etcdraft] writeBlock -> INFO 055[0m Writing block [1] (Raft index: 3) to ledger channel=mychannel node=1
[33m2021-04-12 13:36:09.509 KST [common.deliver] Handle -> WARN 056[0m Error reading from 10.0.2.31:50070: rpc error: code = Canceled desc = context canceled
[34m2021-04-12 13:36:09.509 KST [comm.grpc.server] 1 -> INFO 057[0m streaming call completed grpc.service=orderer.AtomicBroadcast grpc.method=Deliver grpc.peer_address=10.0.2.31:50070 error="rpc error: code = Canceled desc = context canceled" grpc.code=Canceled grpc.call_duration=2.89328ms
[34m2021-04-12 13:36:09.710 KST [orderer.consensus.etcdraft] propose -> INFO 058[0m Created block [2], there are 0 blocks in flight channel=mychannel node=1
[34m2021-04-12 13:36:09.710 KST [orderer.consensus.etcdraft] run -> INFO 059[0m Received config transaction, pause accepting transaction till it is committed channel=mychannel node=1
[33m2021-04-12 13:36:09.711 KST [orderer.common.broadcast] Handle -> WARN 05a[0m Error reading from 10.0.2.31:50072: rpc error: code = Canceled desc = context canceled
[34m2021-04-12 13:36:09.712 KST [comm.grpc.server] 1 -> INFO 05b[0m streaming call completed grpc.service=orderer.AtomicBroadcast grpc.method=Broadcast grpc.peer_address=10.0.2.31:50072 error="rpc error: code = Canceled desc = context canceled" grpc.code=Canceled grpc.call_duration=11.67218ms
[34m2021-04-12 13:36:09.713 KST [orderer.consensus.etcdraft] writeBlock -> INFO 05c[0m Writing block [2] (Raft index: 4) to ledger channel=mychannel node=1
[34m2021-04-12 14:39:19.366 KST [orderer.common.server] func1 -> INFO 05d[0m Received signal: 15 (terminated)
[34m2021-04-12 14:39:19.367 KST [comm.grpc.server] 1 -> INFO 05e[0m streaming call completed grpc.service=orderer.AtomicBroadcast grpc.method=Deliver grpc.peer_address=10.0.2.11:45922 error="context finished before block retrieved: context canceled" grpc.code=Unknown grpc.call_duration=1h3m16.501677438s
[34m2021-04-12 14:39:19.367 KST [comm.grpc.server] 1 -> INFO 05f[0m streaming call completed grpc.service=orderer.AtomicBroadcast grpc.method=Deliver grpc.peer_address=10.0.2.12:58860 error="context finished before block retrieved: context canceled" grpc.code=Unknown grpc.call_duration=1h3m13.343796366s
[34m2021-04-12 14:39:19.367 KST [comm.grpc.server] 1 -> INFO 060[0m streaming call completed grpc.service=orderer.AtomicBroadcast grpc.method=Deliver grpc.peer_address=10.0.2.21:43378 error="context finished before block retrieved: context canceled" grpc.code=Unknown grpc.call_duration=1h3m10.17621305s
